// Jest Snapshot v1, https://goo.gl/fbAQLP

exports[`<Step /> renders and mounts with children 1`] = `
<div>
  <h3>
    Step 1
  </h3>
  <p>
    Lorem ipsum dolor sit amet consectetur adipisicing elit. Quod voluptate dignissimos beatae, architecto, unde vero provident facilis recusandae laborum quam eligendi. Error at placeat eveniet labore blanditiis beatae, maiores adipisci.
  </p>
</div>
`;

exports[`<Step /> renders and mounts with no children 1`] = `<div />`;
