// Jest Snapshot v1, https://goo.gl/fbAQLP

exports[`<Footer /> renders and mounts with no children 1`] = `null`;
